<html>
<body>
<pre>
<h1>µVision Build Log</h1>
<h2>Tool Versions:</h2>
IDE-Version: •ÏVision V5.26.2.0
Copyright (C) 2018 ARM Ltd and ARM Germany GmbH. All rights reserved.
License Information: Hojin Kim, Soong-sil University, LIC=----
 
Tool Versions:
Toolchain:       MDK-Lite  Version: 5.26.2.0
Toolchain Path:  C:\Keil_v5\ARM\ARMCC\Bin
C Compiler:      Armcc.exe V5.06 update 6 (build 750)
Assembler:       Armasm.exe V5.06 update 6 (build 750)
Linker/Locator:  ArmLink.exe V5.06 update 6 (build 750)
Library Manager: ArmAr.exe V5.06 update 6 (build 750)
Hex Converter:   FromElf.exe V5.06 update 6 (build 750)
CPU DLL:         SARM.DLL V5.26.2.0
Dialog DLL:      DARMP.DLL V1.53.0.0 
<h2>Project:</h2>
C:\Users\hojin\DATA\MicroprocessorApplication\convertPNG\keilConvertPNG\convertPNG.uvproj
Project File Date:  05/19/2024

<h2>Output:</h2>
*** Using Compiler 'V5.06 update 6 (build 750)', folder: 'C:\Keil_v5\ARM\ARMCC\Bin'
Build target 'Target 1'
compiling main.c...
main.c(18): warning:  #513-D: a value of type "int" cannot be assigned to an entity of type "uint8_t *"
      p = 0x40000000 + HEADER_SIZE; //memory pointer - size 4000byte
main.c(18): warning:  #152-D: conversion of nonzero integer to pointer
      p = 0x40000000 + HEADER_SIZE; //memory pointer - size 4000byte
main.c(20): warning:  #513-D: a value of type "int" cannot be assigned to an entity of type "uint8_t *"
      rgba = 0x40200000;
main.c(20): warning:  #152-D: conversion of nonzero integer to pointer
      rgba = 0x40200000;
main.c(21): warning:  #513-D: a value of type "int" cannot be assigned to an entity of type "uint8_t *"
      rgb = 0x40400000;
main.c(21): warning:  #152-D: conversion of nonzero integer to pointer
      rgb = 0x40400000;
main.c(22): warning:  #513-D: a value of type "int" cannot be assigned to an entity of type "uint32_t *"
      rgbcomp = 0x40600000;
main.c(22): warning:  #152-D: conversion of nonzero integer to pointer
      rgbcomp = 0x40600000;
main.c(39): warning:  #513-D: a value of type "int" cannot be assigned to an entity of type "uint32_t *"
      readbuffer = 0x40400000;
main.c(39): warning:  #152-D: conversion of nonzero integer to pointer
      readbuffer = 0x40400000;
main.c(56): warning:  #223-D: function "_sys_exit" declared implicitly
      _sys_exit(0);
main.c: 11 warnings, 0 errors
linking...
Program Size: Code=1752 RO-data=16 RW-data=4 ZI-data=1164  
".\Objects\example2.axf" - 0 Error(s), 11 Warning(s).
Build Time Elapsed:  00:00:00
</pre>
</body>
</html>
